{"backgroundProcesses":true,"infrastructureSafety":true,"knowledge":true,"openExternalUrl":true,"secretStorage":false,"settings":{"codeIntelligence":{"enabled":true},"goal":{"enabled":true},"knowledge":{"enabled":true},"subagentOrchestration":{"enabled":true}},"userInput":true,"workspaceTrusted":true}
{"backgroundProcesses":true,"infrastructureSafety":true,"knowledge":true,"openExternalUrl":true,"secretStorage":true,"settings":{"codeIntelligence":{"enabled":true},"goal":{"enabled":true},"knowledge":{"enabled":true},"subagentOrchestration":{"enabled":true}},"userInput":true,"workspaceTrusted":true}
{"backgroundProcesses":true,"hooks":{"enabled":true,"v2":true},"infrastructureSafety":true,"knowledge":true,"openExternalUrl":true,"secretStorage":false,"settings":{"codeIntelligence":{"enabled":true},"goal":{"enabled":true},"knowledge":{"enabled":true},"subagentOrchestration":{"enabled":true}},"userInput":true,"workspaceTrusted":true}
{"backgroundProcesses":true,"hooks":{"enabled":true,"v2":true},"infrastructureSafety":true,"knowledge":true,"openExternalUrl":true,"secretStorage":true,"settings":{"codeIntelligence":{"enabled":true},"goal":{"enabled":true},"knowledge":{"enabled":true},"subagentOrchestration":{"enabled":true}},"userInput":true,"workspaceTrusted":true}
