{"policyPreset":["read-workspace"],"settings":{"workflows":{"enabled":true}}}
{"policyPreset":["read-workspace"],"settings":{"workflows":{"enabled":true}}}
{"policyPreset":["read-workspace"],"settings":{"workflows":{"enabled":true}}}
{"policyPreset":["read-workspace"],"settings":{"workflows":{"enabled":true}}}
