{"jsonrpc":"2.0","params":{"clientCapabilities":{"_meta":{"kiro":{"backgroundProcesses":true,"infrastructureSafety":true,"knowledge":true,"openExternalUrl":true,"secretStorage":false,"settings":{"codeIntelligence":{"enabled":true},"goal":{"enabled":true},"knowledge":{"enabled":true},"subagentOrchestration":{"enabled":true}},"userInput":true,"workspaceTrusted":true}},"elicitation":{"form":{}},"fs":{"_meta":{"kiro":{"delete":true,"readDirectory":true,"stat":true}},"readTextFile":true,"writeTextFile":true},"terminal":true},"clientInfo":{"name":"vibekit","title":"Vibekit for Kiro","version":"dev"},"protocolVersion":1},"method":"initialize","id":1}
{"jsonrpc":"2.0","params":{"clientCapabilities":{"_meta":{"kiro":{"backgroundProcesses":true,"infrastructureSafety":true,"knowledge":true,"openExternalUrl":true,"secretStorage":true,"settings":{"codeIntelligence":{"enabled":true},"goal":{"enabled":true},"knowledge":{"enabled":true},"subagentOrchestration":{"enabled":true}},"userInput":true,"workspaceTrusted":true}},"elicitation":{"form":{}},"fs":{"_meta":{"kiro":{"delete":true,"readDirectory":true,"stat":true}},"readTextFile":true,"writeTextFile":true},"terminal":true},"clientInfo":{"name":"vibekit","title":"Vibekit for Kiro","version":"dev"},"protocolVersion":1},"method":"initialize","id":1}
{"jsonrpc":"2.0","params":{"clientCapabilities":{"_meta":{"kiro":{"backgroundProcesses":true,"hooks":{"enabled":true,"v2":true},"infrastructureSafety":true,"knowledge":true,"openExternalUrl":true,"secretStorage":false,"settings":{"codeIntelligence":{"enabled":true},"goal":{"enabled":true},"knowledge":{"enabled":true},"subagentOrchestration":{"enabled":true}},"userInput":true,"workspaceTrusted":true}},"elicitation":{"form":{}},"fs":{"_meta":{"kiro":{"delete":true,"readDirectory":true,"stat":true}},"readTextFile":true,"writeTextFile":true},"terminal":true},"clientInfo":{"name":"vibekit","title":"Vibekit for Kiro","version":"dev"},"protocolVersion":1},"method":"initialize","id":1}
{"jsonrpc":"2.0","params":{"clientCapabilities":{"_meta":{"kiro":{"backgroundProcesses":true,"hooks":{"enabled":true,"v2":true},"infrastructureSafety":true,"knowledge":true,"openExternalUrl":true,"secretStorage":true,"settings":{"codeIntelligence":{"enabled":true},"goal":{"enabled":true},"knowledge":{"enabled":true},"subagentOrchestration":{"enabled":true}},"userInput":true,"workspaceTrusted":true}},"elicitation":{"form":{}},"fs":{"_meta":{"kiro":{"delete":true,"readDirectory":true,"stat":true}},"readTextFile":true,"writeTextFile":true},"terminal":true},"clientInfo":{"name":"vibekit","title":"Vibekit for Kiro","version":"dev"},"protocolVersion":1},"method":"initialize","id":1}
